data/sales_data.csv
date,product_id,price,promotion,holiday,weather_index,units_sold
2021-01-01,7,11.113249405124197,0,0,-0.5765060038872404,43
2021-01-02,7,17.595719426389692,0,0,-0.1951786117322676,43
2021-01-03,7,12.865597485086278,0,0,0.4261936285274702,32
2021-01-04,7,10.963578248312416,0,0,-0.05208728106912013,41
2021-01-05,7,10.54671065949857,0,0,1.3546034581739612,51
2021-01-06,7,19.572997219064476,0,0,-0.34714488832221296,42
2021-01-07,7,15.856921474019707,0,0,0.45039231074952174,38
2021-01-08,7,19.661351468869267,0,0,-0.5323923096013695,37
2021-01-09,7,13.974000992561718,0,0,-1.1722638270460883,43
2021-01-10,7,5.589122822714457,1,1,-0.4027826996173425,60
2021-01-11,7,11.797332513885737,0,0,1.516900426088127,43
2021-01-12,7,15.51709310328589,1,0,0.13960976295288482,47
2021-01-13,7,16.497618430566394,0,0,-0.10774034600117861,43
2021-01-14,7,11.155875189608615,0,1,0.9135958283368796,42
2021-01-15,7,11.666497369640261,0,0,0.2027223167205693,34
2021-01-16,7,9.821209828756025,0,0,1.2484348781061407,42
2021-01-17,7,7.704872845322826,0,0,0.30282304297201273,43
2021-01-18,7,16.91238115170375,0,0,-0.21260553498868257,50
2021-01-19,7,11.87034706300578,0,0,-0.7747966550494098,48
2021-01-20,7,13.771450636884794,1,0,0.4303561434395517,44
2021-01-21,7,7.2961327114025725,0,0,0.677763386724083,45
2021-01-22,7,8.190038373696353,0,0,-0.44771235544320176,51
2021-01-23,7,6.093709088313334,0,0,1.0244624930608437,44
2021-01-24,7,17.44514001982996,0,0,2.3257925522854017,37
2021-01-25,7,8.917329709784259,0,0,-2.1142407265529304,38
2021-01-26,7,16.325792867572687,1,0,-0.7746778263125529,45
2021-01-27,7,19.179044830064008,0,0,-0.03613824887992682,44
2021-01-28,7,7.551879038373467,1,0,-1.9830219909462186,47
2021-01-29,7,12.874870575027707,0,0,-0.4599635593010715,47
2021-01-30,7,18.141898566149784,0,0,0.5334998673816226,40
2021-01-31,7,18.086915889749424,0,0,-0.4205015642641452,39
2021-02-01,7,11.87728246294766,0,0,1.4446479523697222,44
2021-02-02,7,13.724517728496417,0,0,0.9621066698400165,38
2021-02-03,7,18.67333675594058,1,0,1.24295595318019,47
2021-02-04,7,9.548117053869127,0,0,0.7831019591599557,50
2021-02-05,7,7.5999953586670985,1,0,0.5193525487059373,54
2021-02-06,7,13.114293569196834,1,0,1.057847664857316,41
2021-02-07,7,7.61136379678411,0,0,0.3046199514571948,52
2021-02-08,7,14.858651988257602,0,0,-0.5307013561184483,39
2021-02-09,7,14.008550164854894,0,0,1.4099589272420294,51
2021-02-10,7,12.64555923020069,0,0,-0.5675550855094652,35
2021-02-11,7,12.65632669331842,0,0,0.9338409984428233,38
2021-02-12,7,13.55457273149183,1,0,-0.2654662027635617,45
2021-02-13,7,17.318415931410215,0,0,-1.0241351249319532,45
2021-02-14,7,10.181309826009032,0,0,0.6218941391321935,51
2021-02-15,7,12.734065147625898,0,0,-0.7771865289157079,45
2021-02-16,7,14.890180387080825,0,0,1.6534293469848775,32
2021-02-17,7,18.179568021518683,0,0,-0.691608895657666,52
2021-02-18,7,13.09292765066223,0,0,0.10454094469770281,37
2021-02-19,7,12.089667892132349,0,0,0.4182781993783401,50
2021-02-20,7,16.48872765664553,1,0,1.2050876542622937,43
2021-02-21,7,14.76382831308902,1,0,-0.4068703982504188,40
2021-02-22,7,19.24815546793581,1,0,-0.20113739046119214,51
2021-02-23,7,16.11824704280196,0,0,0.5544231026613594,38
2021-02-24,7,5.9359677849282235,0,0,0.8165208828010175,52
2021-02-25,7,8.485369252381929,0,0,-1.016519931867725,48
2021-02-26,7,13.4754000196026,0,0,-0.5254115009844769,41
2021-02-27,7,17.785876832500584,0,0,-0.5807473798728039,44
2021-02-28,7,13.541446357308802,0,0,-0.07898580164917149,41
2021-03-01,7,16.60320828552977,0,0,0.3440134828112803,44
2021-03-02,7,16.518349026976743,0,0,0.48255256662514684,42
2021-03-03,7,7.616652663014516,1,0,1.0828020056758694,47
2021-03-04,7,7.533575531542258,0,0,-0.009806032535386802,40
2021-03-05,7,10.585938696644565,0,0,-0.17156148698257156,50
2021-03-06,7,7.268740949880991,0,0,-0.42277903593452953,40
2021-03-07,7,14.98527545190029,0,0,0.8275875458686782,39
2021-03-08,7,15.436935084429788,0,0,0.34147229858301203,37
2021-03-09,7,5.2153607907758035,0,0,0.2169434217797047,51
2021-03-10,7,19.14819385116109,1,0,-0.00016722910406752784,44
2021-03-11,7,16.06008335202408,0,0,0.08411024810030472,41
2021-03-12,7,7.660048225900658,0,0,-1.0273897606669482,31
2021-03-13,7,9.227063567343796,0,0,-1.2412498475500637,45
2021-03-14,7,5.836953419057187,0,0,0.03408922216904163,53
2021-03-15,7,18.33111135570626,0,0,-1.6928624017543914,45
2021-03-16,7,9.78806309601183,1,0,-0.046683482544041525,52
2021-03-17,7,15.46705898830481,1,0,-0.5987446159371883,49
2021-03-18,7,6.175179366284231,0,0,-2.349267683030646,43
2021-03-19,7,19.948939171875516,1,0,0.548409752015001,48
2021-03-20,7,11.755567273458698,1,0,-1.7236579529867309,42
2021-03-21,7,5.605207211376955,0,0,-1.257965023405966,50
2021-03-22,7,15.62589697368088,0,0,-1.9601521283693888,39
2021-03-23,7,10.383615425195181,0,0,-0.38518037994914195,45
2021-03-24,7,8.473303271522349,0,0,-0.9692733302690947,44
2021-03-25,7,19.90749144509745,0,0,-0.6396119761114565,45
2021-03-26,7,10.436173326485289,0,0,0.545577475474978,38
2021-03-27,7,9.410879161006683,0,0,1.1748463462442347,42
2021-03-28,7,9.372796793579205,0,0,0.5834425483310866,41
2021-03-29,7,5.200478482991463,0,0,-0.15413085235640905,51
2021-03-30,7,19.021222288023054,0,1,-0.6686973605253111,50
2021-03-31,7,16.88771906941117,0,0,-0.7262231017249887,38
2021-04-01,7,16.522675135323652,0,0,-0.16325223984273887,42
2021-04-02,7,18.25290375745703,0,0,-1.5089246944331756,35
2021-04-03,7,13.462781575363858,0,0,-2.0422348346902335,45
2021-04-04,7,15.901882781149734,0,0,0.1746465667147683,46
2021-04-05,7,13.911717433404753,0,0,0.8277201913095448,47
2021-04-06,7,13.275194338545,0,0,-1.0447601533961655,45
2021-04-07,7,8.83406221147601,0,0,0.6001048999532035,48
2021-04-08,7,5.3047475524397,0,0,-0.2562404452719484,51
2021-04-09,7,6.969622391602223,0,0,1.4149745278741654,54
2021-04-10,7,6.814100965816294,0,0,-0.06504414435852192,51
2021-04-11,7,13.882249407855653,0,0,-0.6505980531711375,43
2021-04-12,7,17.487637686693574,0,0,-0.20154857722195088,33
2021-04-13,7,15.53379057880021,0,0,-0.9924460714474768,32
2021-04-14,7,6.230005337556932,0,0,-0.8315692626364514,48
2021-04-15,7,18.059107119909388,0,0,1.1299601697392587,39
2021-04-16,7,10.310576038703157,0,0,-0.30327342595744455,46
2021-04-17,7,5.919422938428775,0,0,-0.5596414785420328,52
2021-04-18,7,12.367739942440664,1,0,-1.2406869784286574,47
2021-04-19,7,16.783015609949285,0,0,0.039750445968484566,50
2021-04-20,7,11.250222544446025,0,0,-1.0952957340658118,47
2021-04-21,7,14.940646193729455,0,0,0.5773146959046597,40
2021-04-22,7,10.535009965350513,1,0,-0.071160355900415,44
2021-04-23,7,13.526054016096287,0,0,1.1463544787588313,42
2021-04-24,7,13.401722512228403,0,0,2.7956358816899924,45
2021-04-25,7,11.668867483060403,0,0,0.9490511677469614,40
2021-04-26,7,12.88810251311273,0,0,0.10723956966026818,39
2021-04-27,7,10.22049691033462,0,0,2.3736809602985462,42
2021-04-28,7,10.633714649178478,0,0,-0.7677658596451115,41
2021-04-29,7,17.192710449046103,0,0,0.2930109689104825,34
2021-04-30,7,11.084789549919014,0,0,0.38087919180415136,41
2021-05-01,7,17.92765724313727,0,0,0.39667241826255273,47
2021-05-02,7,5.996287929904093,0,0,-0.09310560007864943,46
2021-05-03,7,7.407400794761749,0,0,-0.29174103660614437,43
2021-05-04,7,17.02356963233828,0,0,-0.8392029644187105,35
2021-05-05,7,18.766604571377204,1,0,-2.525000445021577,46
2021-05-06,7,6.764775126903738,0,1,0.691225212297901,43
2021-05-07,7,14.534263950187606,0,0,2.051719280911131,37
2021-05-08,7,8.845189849230525,0,0,0.7822297440915875,45
2021-05-09,7,5.667108504666362,0,0,-1.185953653194558,49
2021-05-10,7,19.468151165236492,0,0,-0.7506036208607165,38
2021-05-11,7,7.9176336443311115,1,0,0.32940973859511974,53
2021-05-12,7,6.449098497732432,0,0,1.5732291395707634,45
2021-05-13,7,14.465722757936744,0,0,-1.249495475481084,40
2021-05-14,7,12.852104079015891,0,0,-2.166195341221069,46
2021-05-15,7,8.431624197175724,0,0,1.0813960318115734,54
2021-05-16,7,8.337241327661964,0,0,0.3274422581017318,47
2021-05-17,7,10.944478277783261,1,0,-0.04399354813799587,30
2021-05-18,7,7.882207266252783,0,0,0.17146580821766144,40
2021-05-19,7,17.964989347677502,0,0,-0.12395002695980012,40
2021-05-20,7,10.340152578380263,0,0,-0.7539458935742677,49
2021-05-21,7,6.191949146132785,0,0,-1.7264726518446514,54
2021-05-22,7,8.015690089896113,0,0,-0.4166537632194051,35
2021-05-23,7,16.94180244964626,0,0,-0.30379036993564607,43
2021-05-24,7,12.530972944268566,0,0,0.4176148615524824,42
2021-05-25,7,5.697162896968644,0,0,0.1604311579569575,49
2021-05-26,7,7.07797508049943,1,0,-0.5120894784496386,45
2021-05-27,7,10.286171679043289,1,0,1.085810759074891,53
2021-05-28,7,15.329812294431603,1,0,-0.7958078743562008,44
2021-05-29,7,15.812123705015663,0,0,-0.021411154373614474,45
2021-05-30,7,9.757270631349865,0,0,-1.410420208612047,41
2021-05-31,7,12.65603913763854,0,0,-2.3592416610802665,47
2021-06-01,7,16.50592772658115,0,0,-0.790793181038178,32
2021-06-02,7,17.754899217000958,0,0,-0.03418831676773745,40
2021-06-03,7,19.85616998633019,0,0,0.5812070470178414,35
2021-06-04,7,9.836221103896877,0,0,0.2864865882329302,53
2021-06-05,7,18.081930525979256,0,0,-0.0701448652016473,41
2021-06-06,7,8.756234051118035,0,0,0.23174601290765592,40
2021-06-07,7,16.827808506949278,0,0,0.2904057354146384,41
2021-06-08,7,12.213952650169691,0,0,0.3109134605477591,52
2021-06-09,7,8.141322496770591,0,0,0.3547509909728068,41
2021-06-10,7,6.360959893055371,0,0,-0.0873713481827605,62
2021-06-11,7,8.346461016303746,0,0,-0.8400996122223311,44
2021-06-12,7,8.5154866890423,0,0,0.37873418932203523,52
2021-06-13,7,13.591878108660557,1,0,-0.5445018678026753,51
2021-06-14,7,7.817927060326658,1,0,-0.2641653278189732,50
2021-06-15,7,7.959897045008673,0,0,-1.204416689561618,40
2021-06-16,7,10.897365413222104,0,0,-0.4673654192132928,40
2021-06-17,7,17.54404856721052,0,0,-0.8396132292138584,41
2021-06-18,7,17.530907192355095,0,0,-0.5270053521138981,38
2021-06-19,7,12.43703050796403,0,0,0.15792939552497506,38
2021-06-20,7,6.5789521339182375,0,0,-0.0585032091104097,41
2021-06-21,7,12.113334333822332,1,0,-0.7605394176716572,42
2021-06-22,7,6.342081476935242,0,0,1.5870877689889884,42
2021-06-23,7,17.925706635291757,1,0,0.4482921296767106,49
2021-06-24,7,9.789575740308662,0,0,-0.6208531825995571,44
2021-06-25,7,17.590377265259125,0,0,0.02145933906752701,46
2021-06-26,7,18.646423149269097,0,0,-0.01959366022913078,34
2021-06-27,7,8.895028353878661,0,0,0.15114003533796025,46
2021-06-28,7,12.776016601149683,0,0,0.06445189502254439,43
2021-06-29,7,18.09465396428871,0,0,0.41769277335293986,43
2021-06-30,7,11.47070244782213,0,1,0.09599206431262967,51
2021-07-01,7,13.130665732605888,0,0,-0.26354813760849904,47
2021-07-02,7,7.272841016407162,0,0,-0.00508817033525325,46
2021-07-03,7,11.185555725563658,1,1,1.6491230540667445,45
2021-07-04,7,19.626451094669584,1,0,-0.6598234557745458,45
2021-07-05,7,5.499067321502812,0,0,1.5977252992631965,45
2021-07-06,7,16.135635892716145,0,0,-0.7334825635470316,37
2021-07-07,7,8.644264363108435,1,1,-0.09098744663611921,48
2021-07-08,7,19.00604676873622,0,0,2.645625613401444,43
2021-07-09,7,12.339735198802046,0,0,0.3120890047537565,43
2021-07-10,7,17.891120561215065,0,0,0.4133991868018597,45
2021-07-11,7,16.907947340859906,0,0,0.3819072732410672,42
2021-07-12,7,15.553805409480432,0,1,0.4967953214108841,52
2021-07-13,7,17.4154031199379,0,0,1.0267979622977679,46
2021-07-14,7,11.324380163068572,0,0,-0.7781917053520171,46
2021-07-15,7,8.259032724123445,0,0,0.3414253794215266,45
2021-07-16,7,18.78921899404167,0,0,0.25863495493577765,35
2021-07-17,7,10.985383571298911,0,0,1.9852478211184552,52
2021-07-18,7,13.7705676040176,1,0,-1.2513751479652222,47
2021-07-19,7,13.743729556378032,0,0,-1.9632765925408933,40
2021-07-20,7,17.343177581644447,0,0,2.1878044876986005,32
2021-07-21,7,7.224020641377432,1,0,-1.8114117885419225,52
2021-07-22,7,18.33778004029474,0,0,1.358722945047342,43
2021-07-23,7,16.362302010264553,0,0,-0.5907272671848599,37
2021-07-24,7,12.396212938949384,0,0,1.2361266231141723,41
2021-07-25,7,10.46008521771795,0,0,-1.372836571002674,38
2021-07-26,7,16.15403980805288,0,0,-0.4820157086500048,47
2021-07-27,7,9.955938853387144,0,0,0.26194604132581634,43
2021-07-28,7,16.80013303875107,0,0,-0.1453361284718064,44
2021-07-29,7,12.49830238465138,1,0,1.324371919482711,51
2021-07-30,7,17.750161568547902,0,0,-1.0469897816016178,37
2021-07-31,7,13.439322044503173,0,0,-0.016556615825401456,39
2021-08-01,7,5.5078342364249995,1,0,0.2462939678777996,55
2021-08-02,7,12.369172145402912,1,0,-1.908282614290596,47
2021-08-03,7,9.865259058047897,0,0,0.13775890052235693,47
2021-08-04,7,16.65126770655116,0,0,-0.5258092579635313,35
2021-08-05,7,7.414748905911509,0,0,-0.3310594876368875,39
2021-08-06,7,14.495464843069012,0,0,-1.965009829990009,41
2021-08-07,7,7.098246072271879,0,0,-0.8128225462515413,43
2021-08-08,7,13.361137399553094,0,0,-0.4471865493334983,46
2021-08-09,7,17.61943376326999,0,1,0.8382513221382132,47
2021-08-10,7,5.982175567152371,0,0,0.512285006984522,51
2021-08-11,7,7.3498833532215295,0,0,-0.5855646254066718,47
2021-08-12,7,6.253778249001135,0,0,0.6706640886838058,50
2021-08-13,7,17.958515460395823,1,0,-0.9887418649694181,43
2021-08-14,7,6.0782968150429735,0,0,0.2511670022860626,48
2021-08-15,7,19.48464964769618,0,0,0.47886041062561197,43
2021-08-16,7,6.32402440794178,1,0,0.24339636839992881,48
2021-08-17,7,7.95694981776616,0,0,0.9853756527556468,38
2021-08-18,7,19.392882319665972,0,0,0.9946703829497395,34
2021-08-19,7,19.81296815228758,1,0,-1.0600664570203278,45
2021-08-20,7,9.20562158743926,0,0,0.7546135569669857,33
2021-08-21,7,7.094202141885536,1,0,-0.8844008847565578,46
2021-08-22,7,7.716084645727136,0,0,-1.6403867175957394,36
2021-08-23,7,18.430320974095252,1,0,-0.7029915111854644,52
2021-08-24,7,6.463602257420138,0,0,0.692215718909369,36
2021-08-25,7,5.936900914101464,1,0,1.0314068479933365,50
2021-08-26,7,6.6683665716021325,1,0,1.1167361283562403,43
2021-08-27,7,11.349321841224818,0,0,-1.5109296214138528,47
2021-08-28,7,13.078101393527303,1,0,-0.9370874825552589,45
2021-08-29,7,8.678649530393344,0,0,-0.7812484636751221,47
2021-08-30,7,6.397909942716524,0,0,0.6167889124269352,43
2021-08-31,7,13.062485084157695,0,0,-0.9049473656586703,39
2021-09-01,7,6.320641503385743,1,0,0.8753759127209023,55
2021-09-02,7,6.414299297690752,0,0,-0.00020955435111038662,45
2021-09-03,7,13.2805795907672,0,0,0.9814551962881843,37
2021-09-04,7,5.017704288760258,0,0,0.6583060002665079,50
2021-09-05,7,11.82841558832735,0,0,-1.8157438308112555,53
2021-09-06,7,15.167088427595207,0,0,-1.5597239686632904,43
2021-09-07,7,13.361282733547661,1,0,-0.08353612909798282,45
2021-09-08,7,11.546580274207525,0,0,0.48802809085348314,47
2021-09-09,7,15.53038739294713,0,0,-1.6308412033223136,47
2021-09-10,7,17.986875268587937,0,0,0.41437564321469916,32
2021-09-11,7,8.669887559594995,0,0,-1.220542009110184,45
2021-09-12,7,10.272934797227858,0,0,0.38945971904598325,46
2021-09-13,7,19.58709042702025,0,0,-0.492764298278645,33
2021-09-14,7,6.330662129355073,0,0,0.6556652677096152,38
2021-09-15,7,12.917010050952314,0,0,-0.30493171360402116,39
2021-09-16,7,9.275816633285757,0,0,2.0324240300280882,43
2021-09-17,7,7.777055151942194,0,0,-0.48635965252750485,46
2021-09-18,7,9.4833064654277,0,0,-1.379963074420653,41
2021-09-19,7,12.07383514607346,0,0,-0.104285559232282,34
2021-09-20,7,6.84470879305101,1,0,-1.1554381613211628,55
2021-09-21,7,9.834427533979184,0,0,0.30130332735739684,48
2021-09-22,7,6.190646133693407,1,0,-0.47449563677415746,48
2021-09-23,7,11.899067284255244,0,0,-1.6467946309438046,44
2021-09-24,7,8.300448494971835,0,0,0.47309131793106124,49
2021-09-25,7,14.073515007471634,0,0,0.7110505123645988,49
2021-09-26,7,6.219449296770223,0,0,0.21657102730150327,51
2021-09-27,7,7.308244969792337,1,0,-0.10474061054307802,50
2021-09-28,7,9.591221716343092,0,0,-1.0463416733580626,46
2021-09-29,7,18.426366016193697,0,0,-0.025658493636735166,50
2021-09-30,7,12.78308847550134,0,0,-0.36081900743834544,42
2021-10-01,7,7.3892513547272,1,0,-0.7568978418289795,55
2021-10-02,7,14.649311659479713,0,0,0.2786733489922906,38
2021-10-03,7,5.52943263894242,0,0,-0.9522707562242554,51
2021-10-04,7,14.389213648606463,0,0,0.8579197302640278,46
2021-10-05,7,9.493449489064366,1,0,-0.4596429477814721,51
2021-10-06,7,7.328781517306729,0,0,0.6264665713966402,48
2021-10-07,7,18.78419697601074,0,0,-0.5152709358442307,44
2021-10-08,7,12.70950326947101,0,0,-0.257624271763259,42
2021-10-09,7,7.174312877256793,0,1,0.020047144087262193,58
2021-10-10,7,5.117458996004961,0,0,-1.8629951656564816,48
2021-10-11,7,13.543088091346316,0,0,-1.6856887636080038,43
2021-10-12,7,11.249049177796024,1,0,0.7763436679996565,40
2021-10-13,7,12.504565604421366,0,0,0.10386263458990473,40
2021-10-14,7,8.234207287763883,0,0,-0.017301243340811692,47
2021-10-15,7,18.942519099312797,0,0,1.8820016157474286,37
2021-10-16,7,13.298616744142214,0,0,1.2819764511683502,36
2021-10-17,7,5.476201918395526,0,0,1.0200514180889433,40
2021-10-18,7,7.848243998310608,1,0,-1.3975689633119113,40
2021-10-19,7,8.799034295053074,0,0,-1.8439553062748084,48
2021-10-20,7,11.86587178617561,0,0,1.3677434714772554,38
2021-10-21,7,18.525509022576102,0,0,0.8135902370588299,45
2021-10-22,7,11.33281962920328,0,0,0.6617565143380691,44
2021-10-23,7,13.2429294634942,0,0,-0.3239834696023308,40
2021-10-24,7,19.644322128544975,0,0,1.3529408237903544,45
2021-10-25,7,10.218765719645138,1,0,2.430379325130869,51
2021-10-26,7,6.930137701284687,0,0,-0.42349309126119794,51
2021-10-27,7,14.455693303007369,0,0,0.3500691292274823,43
2021-10-28,7,18.981767102147366,0,0,-0.5972348643611488,49
2021-10-29,7,10.422130309951045,0,0,1.102876261671215,45
2021-10-30,7,11.851744911113443,1,0,-0.9661542049001647,45
2021-10-31,7,17.778163081561036,0,0,1.0713151226241824,39
2021-11-01,7,7.149894768646554,0,0,0.44353666088887694,56
2021-11-02,7,5.683137470943168,0,0,-0.8177939717784021,42
2021-11-03,7,15.636880087837376,0,0,-1.6324338528435292,41
2021-11-04,7,16.439403956357204,0,0,1.1000286416614076,39
2021-11-05,7,10.776375306293172,0,0,1.4984926133426748,56
2021-11-06,7,17.797414282509635,0,0,-1.0836378861915776,46
2021-11-07,7,7.775941836243273,0,0,0.23417091579890625,42
2021-11-08,7,15.913264048640054,0,0,0.335065435848843,37
2021-11-09,7,8.761429605892857,0,0,-1.0155815340451586,50
2021-11-10,7,12.565966611032827,0,0,0.7690866330805635,52
2021-11-11,7,6.886794046645326,0,0,-0.8111375141313234,45
